{
'project:sonar-java/java-frontend/src/test/files/xml/maven/simple-project/pom.xml':[
32,
],
}
