{
'project:sonar-java/its/plugin/projects/struts-1.3.9-lite/core/pom.xml':[
164,
],
'project:sonar-java/its/plugin/projects/struts-1.3.9-lite/taglib/pom.xml':[
77,
],
'project:sonar-java/its/plugin/projects/struts-1.3.9-lite/tiles/pom.xml':[
77,
],
'project:sonar-java/java-frontend/src/test/files/xml/maven/simple-project/pom.xml':[
40,
],
}
