{
'project:sonar-java/java-checks/src/test/files/checks/xml/spring/SingleConnectionFactoryCheck/beans.xml':[
9,
21,
27,
],
}
