{
'project:special-cases/android-application/app1/AndroidManifest.xml':[
324,
],
'project:special-cases/android-application/app3/AndroidManifest.xml':[
5,
],
}
