{
'project:special-cases/web/fake/web.xml':[
9,
],
}
