{
'project:special-cases/android-application/app1/AndroidManifest.xml':[
8,
],
}
