{
'project:jboss-ejb3-tutorial/consumer_deployment_descriptor/pom.xml':[
24,
],
'project:jboss-ejb3-tutorial/ejb21_client_adaptors/pom.xml':[
24,
],
'project:jboss-ejb3-tutorial/enterprise_app_ejb_injection/ear/pom.xml':[
32,
],
'project:jboss-ejb3-tutorial/enterprise_app_ejb_injection/ejbapp/pom.xml':[
24,
],
'project:jboss-ejb3-tutorial/enterprise_app_ejb_injection/pom.xml':[
22,
],
'project:jboss-ejb3-tutorial/enterprise_app_ejb_injection/webapp/pom.xml':[
24,
],
'project:jboss-ejb3-tutorial/guide/pom.xml':[
14,
],
'project:jboss-ejb3-tutorial/jboss_deployment_descriptor/pom.xml':[
21,
],
'project:jboss-ejb3-tutorial/jca_inflow_quartz/pom.xml':[
25,
],
'project:jboss-ejb3-tutorial/mdb_deployment_descriptor/pom.xml':[
24,
],
'project:jboss-ejb3-tutorial/partial_deployment_descriptor/pom.xml':[
25,
],
'project:jboss-ejb3-tutorial/reference21_30/ejb21_app/pom.xml':[
21,
],
'project:jboss-ejb3-tutorial/reference21_30/ejb3_app/pom.xml':[
23,
],
'project:jboss-ejb3-tutorial/reference21_30/pom.xml':[
22,
],
'project:jboss-ejb3-tutorial/reference21_30/webapp/pom.xml':[
27,
],
'project:jboss-ejb3-tutorial/resource_ref/pom.xml':[
26,
],
'project:jboss-ejb3-tutorial/service_deployment_descriptor/pom.xml':[
25,
],
'project:jboss-ejb3-tutorial/stateful_deployment_descriptor/pom.xml':[
24,
],
'project:jboss-ejb3-tutorial/stateless_deployment_descriptor/pom.xml':[
24,
],
'project:sonar-java/its/plugin/projects/coverage_error/pom.xml':[
5,
],
'project:sonar-java/its/plugin/projects/no_coverage/pom.xml':[
5,
],
'project:sonar-java/java-surefire/src/test/resources/org/sonar/plugins/surefire/api/SurefireUtilsTest/shouldGetReportsPathFromDeprecatedProperty/pom.xml':[
5,
],
'project:sonar-java/java-surefire/src/test/resources/org/sonar/plugins/surefire/api/SurefireUtilsTest/shouldGetReportsPathFromProperty/pom.xml':[
5,
],
'project:sonar-java/java-surefire/src/test/resources/org/sonar/plugins/surefire/api/SurefireUtilsTest/shouldGetReportsPathFromProperty/submodule/pom.xml':[
5,
],
}
