{
'project:special-cases/android-application/app2/AndroidManifest.xml':[
20,
],
'project:special-cases/android-application/app3/AndroidManifest.xml':[
26,
],
}
