{
'project:sonar-java/java-checks/src/test/files/checks/xml/spring/DefaultMessageListenerContainerCheck/beans.xml':[
9,
12,
33,
42,
],
}
