{
'project:sonar-java/its/plugin/projects/struts-1.3.9-lite/core/pom.xml':[
111,
],
'project:sonar-java/java-frontend/src/test/files/xml/maven/simple-project/pom.xml':[
69,
],
'project:sonar-java/sonar-java-plugin/src/test/files/maven/pom.xml':[
6,
],
'project:sonar-java/sonar-java-plugin/src/test/files/maven2/pom.xml':[
13,
],
}
